[    0.000000] Linux version 4.9.0-12-amd64 (debian-kernel@lists.debian.org) (gcc version 6.3.0 20170516 (Debian 6.3.0-18+deb9u1) ) #1 SMP Debian 4.9.210-1 (2020-01-20)
[    0.000000] Command line: BOOT_IMAGE=/boot/vmlinuz-4.9.0-12-amd64 root=UUID=ea42a822-efd2-433a-91af-9e76bfb5e162 ro quiet
[    0.000000] x86/fpu: Supporting XSAVE feature 0x001: 'x87 floating point registers'
[    0.000000] x86/fpu: Supporting XSAVE feature 0x002: 'SSE registers'
[    0.000000] x86/fpu: Supporting XSAVE feature 0x004: 'AVX registers'
[    0.000000] x86/fpu: Supporting XSAVE feature 0x008: 'MPX bounds registers'
[    0.000000] x86/fpu: Supporting XSAVE feature 0x010: 'MPX CSR'
[    0.000000] x86/fpu: xstate_offset[2]:  576, xstate_sizes[2]:  256
[    0.000000] x86/fpu: xstate_offset[3]:  832, xstate_sizes[3]:   64
[    0.000000] x86/fpu: xstate_offset[4]:  896, xstate_sizes[4]:   64
[    0.000000] x86/fpu: Enabled xstate features 0x1f, context size is 960 bytes, using 'compacted' format.
[    0.000000] e820: BIOS-provided physical RAM map:
[    0.000000] BIOS-e820: [mem 0x0000000000000000-0x000000000009cfff] usable
[    0.000000] BIOS-e820: [mem 0x000000000009d000-0x000000000009ffff] reserved
[    0.000000] BIOS-e820: [mem 0x00000000000e0000-0x00000000000fffff] reserved
[    0.000000] BIOS-e820: [mem 0x0000000000100000-0x00000000a4422fff] usable
[    0.000000] BIOS-e820: [mem 0x00000000a4423000-0x00000000a4442fff] reserved
[    0.000000] BIOS-e820: [mem 0x00000000a4443000-0x00000000b5f0bfff] usable
[    0.000000] BIOS-e820: [mem 0x00000000b5f0c000-0x00000000b7321fff] reserved
[    0.000000] BIOS-e820: [mem 0x00000000b7322000-0x00000000b7322fff] ACPI NVS
[    0.000000] BIOS-e820: [mem 0x00000000b7323000-0x00000000cd16dfff] reserved
[    0.000000] BIOS-e820: [mem 0x00000000cd16e000-0x00000000cd221fff] ACPI NVS
[    0.000000] BIOS-e820: [mem 0x00000000cd222000-0x00000000cd2fdfff] ACPI data
[    0.000000] BIOS-e820: [mem 0x00000000cd2fe000-0x00000000cfffffff] reserved
[    0.000000] BIOS-e820: [mem 0x00000000e8000000-0x00000000efffffff] reserved
[    0.000000] BIOS-e820: [mem 0x00000000fd000000-0x00000000fe7fffff] reserved
[    0.000000] BIOS-e820: [mem 0x00000000fec00000-0x00000000fec00fff] reserved
[    0.000000] BIOS-e820: [mem 0x00000000fed00000-0x00000000fed00fff] reserved
[    0.000000] BIOS-e820: [mem 0x00000000fed10000-0x00000000fed19fff] reserved
[    0.000000] BIOS-e820: [mem 0x00000000fed84000-0x00000000fed84fff] reserved
[    0.000000] BIOS-e820: [mem 0x00000000fee00000-0x00000000fee00fff] reserved
[    0.000000] BIOS-e820: [mem 0x00000000ff800000-0x00000000ffffffff] reserved
[    0.000000] BIOS-e820: [mem 0x0000000100000000-0x000000012effffff] usable
[    0.000000] NX (Execute Disable) protection: active
[    0.000000] SMBIOS 2.8 present.
[    0.000000] DMI: LENOVO 80SY/LNVNB161216, BIOS 0ZCN42WW X64 10/20/2017
[    0.000000] e820: update [mem 0x00000000-0x00000fff] usable ==> reserved
[    0.000000] e820: remove [mem 0x000a0000-0x000fffff] usable
[    0.000000] e820: last_pfn = 0x12f000 max_arch_pfn = 0x400000000
[    0.000000] MTRR default type: write-back
[    0.000000] MTRR fixed ranges enabled:
[    0.000000]   00000-9FFFF write-back
[    0.000000]   A0000-BFFFF uncachable
[    0.000000]   C0000-FFFFF write-protect
[    0.000000] MTRR variable ranges enabled:
[    0.000000]   0 base 00E0000000 mask 7FE0000000 uncachable
[    0.000000]   1 base 00D0000000 mask 7FF0000000 uncachable
[    0.000000]   2 base 00CE000000 mask 7FFE000000 uncachable
[    0.000000]   3 base 00CD800000 mask 7FFF800000 uncachable
[    0.000000]   4 disabled
[    0.000000]   5 disabled
[    0.000000]   6 disabled
[    0.000000]   7 disabled
[    0.000000]   8 disabled
[    0.000000]   9 disabled
[    0.000000] x86/PAT: Configuration [0-7]: WB  WC  UC- UC  WB  WC  UC- WT  
[    0.000000] e820: last_pfn = 0xb5f0c max_arch_pfn = 0x400000000
[    0.000000] Base memory trampoline at [ffff97c200097000] 97000 size 24576
[    0.000000] Using GB pages for direct mapping
[    0.000000] BRK [0x12f35000, 0x12f35fff] PGTABLE
[    0.000000] BRK [0x12f36000, 0x12f36fff] PGTABLE
[    0.000000] BRK [0x12f37000, 0x12f37fff] PGTABLE
[    0.000000] BRK [0x12f38000, 0x12f38fff] PGTABLE
[    0.000000] BRK [0x12f39000, 0x12f39fff] PGTABLE
[    0.000000] BRK [0x12f3a000, 0x12f3afff] PGTABLE
[    0.000000] RAMDISK: [mem 0x35cb5000-0x36e51fff]
[    0.000000] ACPI: Early table checksum verification disabled
[    0.000000] ACPI: RSDP 0x00000000000F0120 000024 (v02 LENOVO)
[    0.000000] ACPI: XSDT 0x00000000CD2BB188 0000F4 (v01 LENOVO CB-01    00000000  LTP 00000002)
[    0.000000] ACPI: FACP 0x00000000CD2F4000 0000F4 (v05 LENOVO CB-01    00000000  LTP 00000002)
[    0.000000] ACPI: DSDT 0x00000000CD2CB000 024AC1 (v02 LENOVO SKL      00000000 INTL 20141107)
[    0.000000] ACPI: FACS 0x00000000CD1FC000 000040
[    0.000000] ACPI: UEFI 0x00000000CD212000 000042 (v01 LENOVO CB-01    00000002  LTP 00000002)
[    0.000000] ACPI: SSDT 0x00000000CD2F6000 005914 (v02 LENOVO SaSsdt   00003000 INTL 20141107)
[    0.000000] ACPI: SSDT 0x00000000CD2F5000 0005C5 (v02 LENOVO PerfTune 00001000 INTL 20141107)
[    0.000000] ACPI: HPET 0x00000000CD2F3000 000038 (v01 LENOVO CB-01    00000001  LTP 00000002)
[    0.000000] ACPI: LPIT 0x00000000CD2F2000 000094 (v01 LENOVO CB-01    00000000  LTP 00000002)
[    0.000000] ACPI: APIC 0x00000000CD2F1000 0000BC (v03 LENOVO CB-01    00000001  LTP 00000002)
[    0.000000] ACPI: MCFG 0x00000000CD2F0000 00003C (v01 LENOVO CB-01    00000001  LTP 00000002)
[    0.000000] ACPI: SSDT 0x00000000CD2CA000 000248 (v02 LENOVO sensrhub 00000000 INTL 20141107)
[    0.000000] ACPI: SSDT 0x00000000CD2C9000 0002D4 (v01 LENOVO EInkApp  00000000 INTL 20141107)
[    0.000000] ACPI: SSDT 0x00000000CD2C6000 002BAE (v02 LENOVO PtidDevc 00001000 INTL 20141107)
[    0.000000] ACPI: SSDT 0x00000000CD2C5000 00019A (v02 LENOVO Sata0Ide 00001000 INTL 20141107)
[    0.000000] ACPI: SSDT 0x00000000CD2C4000 000B49 (v02 LENOVO UsbCTabl 00001000 INTL 20141107)
[    0.000000] ACPI: SSDT 0x00000000CD2C3000 0004A3 (v02 LENOVO zpodd    00001000 INTL 20141107)
[    0.000000] ACPI: DBGP 0x00000000CD2C2000 000034 (v01 LENOVO CB-01    00000000  LTP 00000002)
[    0.000000] ACPI: DBG2 0x00000000CD2C1000 000054 (v00 LENOVO CB-01    00000000  LTP 00000002)
[    0.000000] ACPI: SSDT 0x00000000CD2C0000 00059C (v02 LENOVO xh_rvp07 00000000 INTL 20141107)
[    0.000000] ACPI: BOOT 0x00000000CD2BF000 000028 (v01 LENOVO CB-01    00000002  LTP 00000002)
[    0.000000] ACPI: BATB 0x00000000CD2BE000 000046 (v01 LENOVO CB-01    6C617470  LTP 00000002)
[    0.000000] ACPI: SSDT 0x00000000CD2BD000 000E73 (v02 LENOVO CpuSsdt  00003000 INTL 20141107)
[    0.000000] ACPI: MSDM 0x00000000CD2BC000 000055 (v03 LENOVO CB-01    00000000  LTP 00000002)
[    0.000000] ACPI: SLIC 0x00000000CD2FC000 000176 (v01 LENOVO CB-01    00000002  LTP 00000002)
[    0.000000] ACPI: ASF! 0x00000000CD2BA000 0000A5 (v32 LENOVO CB-01    00000001  LTP 00000002)
[    0.000000] ACPI: FPDT 0x00000000CD2B9000 000044 (v01 LENOVO CB-01    00000002  LTP 00000002)
[    0.000000] ACPI: BGRT 0x00000000CD2B8000 000038 (v01 LENOVO CB-01    00000002  LTP 00000002)
[    0.000000] ACPI: UEFI 0x00000000CD1F9000 00018E (v01 LENOVO CB-01    00000001  LTP 00000002)
[    0.000000] ACPI: Local APIC address 0xfee00000
[    0.000000] No NUMA configuration found
[    0.000000] Faking a node at [mem 0x0000000000000000-0x000000012effffff]
[    0.000000] NODE_DATA(0) allocated [mem 0x12eff9000-0x12effdfff]
[    0.000000] Zone ranges:
[    0.000000]   DMA      [mem 0x0000000000001000-0x0000000000ffffff]
[    0.000000]   DMA32    [mem 0x0000000001000000-0x00000000ffffffff]
[    0.000000]   Normal   [mem 0x0000000100000000-0x000000012effffff]
[    0.000000]   Device   empty
[    0.000000] Movable zone start for each node
[    0.000000] Early memory node ranges
[    0.000000]   node   0: [mem 0x0000000000001000-0x000000000009cfff]
[    0.000000]   node   0: [mem 0x0000000000100000-0x00000000a4422fff]
[    0.000000]   node   0: [mem 0x00000000a4443000-0x00000000b5f0bfff]
[    0.000000]   node   0: [mem 0x0000000100000000-0x000000012effffff]
[    0.000000] Initmem setup node 0 [mem 0x0000000000001000-0x000000012effffff]
[    0.000000] On node 0 totalpages: 937608
[    0.000000]   DMA zone: 64 pages used for memmap
[    0.000000]   DMA zone: 21 pages reserved
[    0.000000]   DMA zone: 3996 pages, LIFO batch:0
[    0.000000]   DMA32 zone: 11580 pages used for memmap
[    0.000000]   DMA32 zone: 741100 pages, LIFO batch:31
[    0.000000]   Normal zone: 3008 pages used for memmap
[    0.000000]   Normal zone: 192512 pages, LIFO batch:31
[    0.000000] Reserving Intel graphics memory at 0x00000000ce000000-0x00000000cfffffff
[    0.000000] ACPI: PM-Timer IO Port: 0x1808
[    0.000000] ACPI: Local APIC address 0xfee00000
[    0.000000] ACPI: LAPIC_NMI (acpi_id[0x01] high edge lint[0x1])
[    0.000000] ACPI: LAPIC_NMI (acpi_id[0x02] high edge lint[0x1])
[    0.000000] ACPI: LAPIC_NMI (acpi_id[0x03] high edge lint[0x1])
[    0.000000] ACPI: LAPIC_NMI (acpi_id[0x04] high edge lint[0x1])
[    0.000000] ACPI: LAPIC_NMI (acpi_id[0x05] high edge lint[0x1])
[    0.000000] ACPI: LAPIC_NMI (acpi_id[0x06] high edge lint[0x1])
[    0.000000] ACPI: LAPIC_NMI (acpi_id[0x07] high edge lint[0x1])
[    0.000000] ACPI: LAPIC_NMI (acpi_id[0x08] high edge lint[0x1])
[    0.000000] IOAPIC[0]: apic_id 2, version 32, address 0xfec00000, GSI 0-119
[    0.000000] ACPI: INT_SRC_OVR (bus 0 bus_irq 0 global_irq 2 dfl dfl)
[    0.000000] ACPI: INT_SRC_OVR (bus 0 bus_irq 9 global_irq 9 high level)
[    0.000000] ACPI: IRQ0 used by override.
[    0.000000] ACPI: IRQ9 used by override.
[    0.000000] Using ACPI (MADT) for SMP configuration information
[    0.000000] ACPI: HPET id: 0x8086a201 base: 0xfed00000
[    0.000000] smpboot: Allowing 4 CPUs, 0 hotplug CPUs
[    0.000000] PM: Registered nosave memory: [mem 0x00000000-0x00000fff]
[    0.000000] PM: Registered nosave memory: [mem 0x0009d000-0x0009ffff]
[    0.000000] PM: Registered nosave memory: [mem 0x000a0000-0x000dffff]
[    0.000000] PM: Registered nosave memory: [mem 0x000e0000-0x000fffff]
[    0.000000] PM: Registered nosave memory: [mem 0xa4423000-0xa4442fff]
[    0.000000] PM: Registered nosave memory: [mem 0xb5f0c000-0xb7321fff]
[    0.000000] PM: Registered nosave memory: [mem 0xb7322000-0xb7322fff]
[    0.000000] PM: Registered nosave memory: [mem 0xb7323000-0xcd16dfff]
[    0.000000] PM: Registered nosave memory: [mem 0xcd16e000-0xcd221fff]
[    0.000000] PM: Registered nosave memory: [mem 0xcd222000-0xcd2fdfff]
[    0.000000] PM: Registered nosave memory: [mem 0xcd2fe000-0xcfffffff]
[    0.000000] PM: Registered nosave memory: [mem 0xd0000000-0xe7ffffff]
[    0.000000] PM: Registered nosave memory: [mem 0xe8000000-0xefffffff]
[    0.000000] PM: Registered nosave memory: [mem 0xf0000000-0xfcffffff]
[    0.000000] PM: Registered nosave memory: [mem 0xfd000000-0xfe7fffff]
[    0.000000] PM: Registered nosave memory: [mem 0xfe800000-0xfebfffff]
[    0.000000] PM: Registered nosave memory: [mem 0xfec00000-0xfec00fff]
[    0.000000] PM: Registered nosave memory: [mem 0xfec01000-0xfecfffff]
[    0.000000] PM: Registered nosave memory: [mem 0xfed00000-0xfed00fff]
[    0.000000] PM: Registered nosave memory: [mem 0xfed01000-0xfed0ffff]
[    0.000000] PM: Registered nosave memory: [mem 0xfed10000-0xfed19fff]
[    0.000000] PM: Registered nosave memory: [mem 0xfed1a000-0xfed83fff]
[    0.000000] PM: Registered nosave memory: [mem 0xfed84000-0xfed84fff]
[    0.000000] PM: Registered nosave memory: [mem 0xfed85000-0xfedfffff]
[    0.000000] PM: Registered nosave memory: [mem 0xfee00000-0xfee00fff]
[    0.000000] PM: Registered nosave memory: [mem 0xfee01000-0xff7fffff]
[    0.000000] PM: Registered nosave memory: [mem 0xff800000-0xffffffff]
[    0.000000] e820: [mem 0xd0000000-0xe7ffffff] available for PCI devices
[    0.000000] Booting paravirtualized kernel on bare hardware
[    0.000000] clocksource: refined-jiffies: mask: 0xffffffff max_cycles: 0xffffffff, max_idle_ns: 7645519600211568 ns
[    0.000000] setup_percpu: NR_CPUS:512 nr_cpumask_bits:512 nr_cpu_ids:4 nr_node_ids:1
[    0.000000] percpu: Embedded 35 pages/cpu s105304 r8192 d29864 u524288
[    0.000000] pcpu-alloc: s105304 r8192 d29864 u524288 alloc=1*2097152
[    0.000000] pcpu-alloc: [0] 0 1 2 3 
[    0.000000] Built 1 zonelists in Node order, mobility grouping on.  Total pages: 922935
[    0.000000] Policy zone: Normal
[    0.000000] Kernel command line: BOOT_IMAGE=/boot/vmlinuz-4.9.0-12-amd64 root=UUID=ea42a822-efd2-433a-91af-9e76bfb5e162 ro quiet
[    0.000000] PID hash table entries: 4096 (order: 3, 32768 bytes)
[    0.000000] Calgary: detecting Calgary via BIOS EBDA area
[    0.000000] Calgary: Unable to locate Rio Grande table in EBDA - bailing!
[    0.000000] Memory: 3590696K/3750432K available (6287K kernel code, 1162K rwdata, 2876K rodata, 1424K init, 660K bss, 159736K reserved, 0K cma-reserved)
[    0.000000] Kernel/User page tables isolation: enabled
[    0.000000] Hierarchical RCU implementation.
[    0.000000] 	Build-time adjustment of leaf fanout to 64.
[    0.000000] 	RCU restricting CPUs from NR_CPUS=512 to nr_cpu_ids=4.
[    0.000000] RCU: Adjusting geometry for rcu_fanout_leaf=64, nr_cpu_ids=4
[    0.000000] NR_IRQS:33024 nr_irqs:1024 16
[    0.000000] Console: colour VGA+ 80x25
[    0.000000] console [tty0] enabled
[    0.000000] clocksource: hpet: mask: 0xffffffff max_cycles: 0xffffffff, max_idle_ns: 79635855245 ns
[    0.000000] hpet clockevent registered
[    0.000000] tsc: Detected 2000.000 MHz processor
[    0.000028] Calibrating delay loop (skipped), value calculated using timer frequency.. 3984.00 BogoMIPS (lpj=7968000)
[    0.000031] pid_max: default: 32768 minimum: 301
[    0.000046] ACPI: Core revision 20160831
[    0.047300] ACPI: 11 ACPI AML tables successfully acquired and loaded
[    0.047350] Security Framework initialized
[    0.047351] Yama: disabled by default; enable with sysctl kernel.yama.*
[    0.047356] AppArmor: AppArmor disabled by boot time parameter
[    0.047584] Dentry cache hash table entries: 524288 (order: 10, 4194304 bytes)
[    0.048414] Inode-cache hash table entries: 262144 (order: 9, 2097152 bytes)
[    0.048775] Mount-cache hash table entries: 8192 (order: 4, 65536 bytes)
[    0.048780] Mountpoint-cache hash table entries: 8192 (order: 4, 65536 bytes)
[    0.049038] ENERGY_PERF_BIAS: Set to 'normal', was 'performance'
[    0.049039] ENERGY_PERF_BIAS: View and update with x86_energy_perf_policy(8)
[    0.049044] mce: CPU supports 8 MCE banks
[    0.049057] CPU0: Thermal monitoring enabled (TM1)
[    0.049074] process: using mwait in idle threads
[    0.049077] Last level iTLB entries: 4KB 64, 2MB 8, 4MB 8
[    0.049078] Last level dTLB entries: 4KB 64, 2MB 0, 4MB 0, 1GB 4
[    0.049079] Spectre V1 : Mitigation: usercopy/swapgs barriers and __user pointer sanitization
[    0.049080] Spectre V2 : Mitigation: Full generic retpoline
[    0.049081] Spectre V2 : Spectre v2 / SpectreRSB mitigation: Filling RSB on context switch
[    0.049081] Speculative Store Bypass: Vulnerable
[    0.049110] MDS: Vulnerable: Clear CPU buffers attempted, no microcode
[    0.049540] Freeing SMP alternatives memory: 24K
[    0.051485] ftrace: allocating 25348 entries in 100 pages
[    0.080741] smpboot: Max logical packages: 2
[    0.081950] x2apic: IRQ remapping doesn't support X2APIC mode
[    0.086074] ..TIMER: vector=0x30 apic1=0 pin1=2 apic2=-1 pin2=-1
[    0.125766] TSC deadline timer enabled
[    0.125771] smpboot: CPU0: Intel(R) Core(TM) i3-6006U CPU @ 2.00GHz (family: 0x6, model: 0x4e, stepping: 0x3)
[    0.125775] Performance Events: PEBS fmt3+, Skylake events, 32-deep LBR, full-width counters, Intel PMU driver.
[    0.125813] ... version:                4
[    0.125813] ... bit width:              48
[    0.125814] ... generic registers:      4
[    0.125815] ... value mask:             0000ffffffffffff
[    0.125816] ... max period:             00007fffffffffff
[    0.125816] ... fixed-purpose events:   3
[    0.125817] ... event mask:             000000070000000f
[    0.126432] NMI watchdog: enabled on all CPUs, permanently consumes one hw-PMU counter.
[    0.126545] x86: Booting SMP configuration:
[    0.126546] .... node  #0, CPUs:      #1
[    0.128964] TSC synchronization [CPU#0 -> CPU#1]:
[    0.128965] Measured 50128260 cycles TSC warp between CPUs, turning off TSC clock.
[    0.128969] tsc: Marking TSC unstable due to check_tsc_sync_source failed
[    0.008000]  #2
[    0.120018] MDS CPU bug present and SMT on, data leak possible. See https://www.kernel.org/doc/html/latest/admin-guide/hw-vuln/mds.html for more details.
[    0.124020]  #3
[    0.124434] x86: Booted up 1 node, 4 CPUs
[    0.124434] smpboot: Total of 4 processors activated (15936.00 BogoMIPS)
[    0.128178] devtmpfs: initialized
[    0.128178] x86/mm: Memory block size: 128MB
[    0.130658] PM: Registering ACPI NVS region [mem 0xb7322000-0xb7322fff] (4096 bytes)
[    0.130658] PM: Registering ACPI NVS region [mem 0xcd16e000-0xcd221fff] (737280 bytes)
[    0.130658] clocksource: jiffies: mask: 0xffffffff max_cycles: 0xffffffff, max_idle_ns: 7645041785100000 ns
[    0.130658] futex hash table entries: 1024 (order: 4, 65536 bytes)
[    0.130658] pinctrl core: initialized pinctrl subsystem
[    0.130658] NET: Registered protocol family 16
[    0.140014] cpuidle: using governor ladder
[    0.160031] cpuidle: using governor menu
[    0.160065] Simple Boot Flag at 0x47 set to 0x1
[    0.160082] ACPI: bus type PCI registered
[    0.160083] acpiphp: ACPI Hot Plug PCI Controller Driver version: 0.5
[    0.160161] PCI: MMCONFIG for domain 0000 [bus 00-7f] at [mem 0xe8000000-0xefffffff] (base 0xe8000000)
[    0.160163] PCI: MMCONFIG at [mem 0xe8000000-0xefffffff] reserved in E820
[    0.160170] PCI: Using configuration type 1 for base access
[    0.180026] HugeTLB registered 1 GB page size, pre-allocated 0 pages
[    0.180026] HugeTLB registered 2 MB page size, pre-allocated 0 pages
[    0.180056] ACPI: Added _OSI(Module Device)
[    0.180057] ACPI: Added _OSI(Processor Device)
[    0.180058] ACPI: Added _OSI(3.0 _SCP Extensions)
[    0.180059] ACPI: Added _OSI(Processor Aggregator Device)
[    0.181005] ACPI: Executed 19 blocks of module-level executable AML code
[    0.192883] ACPI: [Firmware Bug]: BIOS _OSI(Linux) query ignored
[    0.196790] ACPI: Dynamic OEM Table Load:
[    0.196849] ACPI: SSDT 0xFFFF97C32A9F2800 000579 (v02 PmRef  Cpu0Ist  00003000 INTL 20141107)
[    0.197212] ACPI: \_PR_.CPU0: _OSC native thermal LVT Acked
[    0.199002] ACPI: Dynamic OEM Table Load:
[    0.199011] ACPI: SSDT 0xFFFF97C329872000 00037F (v02 PmRef  Cpu0Cst  00003001 INTL 20141107)
[    0.199983] ACPI: Dynamic OEM Table Load:
[    0.199991] ACPI: SSDT 0xFFFF97C32A9F2000 0005AA (v02 PmRef  ApIst    00003000 INTL 20141107)
[    0.200717] ACPI: Dynamic OEM Table Load:
[    0.200724] ACPI: SSDT 0xFFFF97C329FF1600 000119 (v02 PmRef  ApCst    00003000 INTL 20141107)
[    0.203425] ACPI : EC: EC started
[    0.203426] ACPI : EC: interrupt blocked
[    0.559064] ACPI: \_SB_.PCI0.LPCB.EC0_: Used as first EC
[    0.559066] ACPI: \_SB_.PCI0.LPCB.EC0_: GPE=0x17, EC_CMD/EC_SC=0x66, EC_DATA=0x62
[    0.559068] ACPI: \_SB_.PCI0.LPCB.EC0_: Used as boot DSDT EC to handle transactions
[    0.559068] ACPI: Interpreter enabled
[    0.559125] ACPI: (supports S0 S3 S4 S5)
[    0.559126] ACPI: Using IOAPIC for interrupt routing
[    0.559169] PCI: Using host bridge windows from ACPI; if necessary, use "pci=nocrs" and report a bug
[    0.559911] ACPI: Power Resource [PG00] (on)
[    0.560343] ACPI: Power Resource [PG01] (on)
[    0.560755] ACPI: Power Resource [PG02] (on)
[    0.568175] ACPI: Power Resource [WRST] (off)
[    0.568660] ACPI: Power Resource [WRST] (off)
[    0.569142] ACPI: Power Resource [WRST] (off)
[    0.569621] ACPI: Power Resource [WRST] (off)
[    0.570114] ACPI: Power Resource [WRST] (off)
[    0.570598] ACPI: Power Resource [WRST] (off)
[    0.571078] ACPI: Power Resource [WRST] (off)
[    0.571557] ACPI: Power Resource [WRST] (off)
[    0.572042] ACPI: Power Resource [WRST] (off)
[    0.572526] ACPI: Power Resource [WRST] (off)
[    0.573009] ACPI: Power Resource [WRST] (off)
[    0.573490] ACPI: Power Resource [WRST] (off)
[    0.573935] ACPI: Power Resource [WRST] (off)
[    0.574379] ACPI: Power Resource [WRST] (off)
[    0.574827] ACPI: Power Resource [WRST] (off)
[    0.575272] ACPI: Power Resource [WRST] (off)
[    0.575717] ACPI: Power Resource [WRST] (off)
[    0.576164] ACPI: Power Resource [WRST] (off)
[    0.576608] ACPI: Power Resource [WRST] (off)
[    0.577052] ACPI: Power Resource [WRST] (off)
[    0.588389] ACPI: PCI Root Bridge [PCI0] (domain 0000 [bus 00-7e])
[    0.588396] acpi PNP0A08:00: _OSC: OS supports [ExtendedConfig ASPM ClockPM Segments MSI]
[    0.591497] acpi PNP0A08:00: _OSC: OS now controls [PCIeHotplug PME AER PCIeCapability]
[    0.593828] PCI host bridge to bus 0000:00
[    0.593831] pci_bus 0000:00: root bus resource [io  0x0000-0x0cf7 window]
[    0.593833] pci_bus 0000:00: root bus resource [io  0x0d00-0xffff window]
[    0.593834] pci_bus 0000:00: root bus resource [mem 0x000a0000-0x000bffff window]
[    0.593836] pci_bus 0000:00: root bus resource [mem 0xd0000000-0xe7ffffff window]
[    0.593837] pci_bus 0000:00: root bus resource [mem 0xfd000000-0xfe7fffff window]
[    0.593839] pci_bus 0000:00: root bus resource [bus 00-7e]
[    0.593849] pci 0000:00:00.0: [8086:1904] type 00 class 0x060000
[    0.594984] pci 0000:00:02.0: [8086:1921] type 00 class 0x030000
[    0.594995] pci 0000:00:02.0: reg 0x10: [mem 0xe0000000-0xe0ffffff 64bit]
[    0.595002] pci 0000:00:02.0: reg 0x18: [mem 0xd0000000-0xdfffffff 64bit pref]
[    0.595007] pci 0000:00:02.0: reg 0x20: [io  0xf000-0xf03f]
[    0.595960] pci 0000:00:14.0: [8086:9d2f] type 00 class 0x0c0330
[    0.595981] pci 0000:00:14.0: reg 0x10: [mem 0xe1300000-0xe130ffff 64bit]
[    0.596064] pci 0000:00:14.0: PME# supported from D3hot D3cold
[    0.596929] pci 0000:00:14.0: System wakeup disabled by ACPI
[    0.596976] pci 0000:00:14.2: [8086:9d31] type 00 class 0x118000
[    0.596997] pci 0000:00:14.2: reg 0x10: [mem 0xe132a000-0xe132afff 64bit]
[    0.597928] pci 0000:00:16.0: [8086:9d3a] type 00 class 0x078000
[    0.597952] pci 0000:00:16.0: reg 0x10: [mem 0xe132c000-0xe132cfff 64bit]
[    0.598035] pci 0000:00:16.0: PME# supported from D3hot
[    0.598938] pci 0000:00:17.0: [8086:9d03] type 00 class 0x010601
[    0.598955] pci 0000:00:17.0: reg 0x10: [mem 0xe1328000-0xe1329fff]
[    0.598964] pci 0000:00:17.0: reg 0x14: [mem 0xe1331000-0xe13310ff]
[    0.598973] pci 0000:00:17.0: reg 0x18: [io  0xf080-0xf087]
[    0.598982] pci 0000:00:17.0: reg 0x1c: [io  0xf088-0xf08b]
[    0.598991] pci 0000:00:17.0: reg 0x20: [io  0xf060-0xf07f]
[    0.599000] pci 0000:00:17.0: reg 0x24: [mem 0xe132f000-0xe132f7ff]
[    0.599049] pci 0000:00:17.0: PME# supported from D3hot
[    0.599954] pci 0000:00:1c.0: [8086:9d10] type 01 class 0x060400
[    0.600034] pci 0000:00:1c.0: PME# supported from D0 D3hot D3cold
[    0.600921] pci 0000:00:1c.0: System wakeup disabled by ACPI
[    0.600973] pci 0000:00:1c.4: [8086:9d14] type 01 class 0x060400
[    0.601048] pci 0000:00:1c.4: PME# supported from D0 D3hot D3cold
[    0.601937] pci 0000:00:1c.4: System wakeup disabled by ACPI
[    0.601981] pci 0000:00:1c.5: [8086:9d15] type 01 class 0x060400
[    0.602055] pci 0000:00:1c.5: PME# supported from D0 D3hot D3cold
[    0.602938] pci 0000:00:1c.5: System wakeup disabled by ACPI
[    0.602993] pci 0000:00:1f.0: [8086:9d48] type 00 class 0x060100
[    0.603983] pci 0000:00:1f.2: [8086:9d21] type 00 class 0x058000
[    0.603997] pci 0000:00:1f.2: reg 0x10: [mem 0xe1324000-0xe1327fff]
[    0.604942] pci 0000:00:1f.3: [8086:9d70] type 00 class 0x040300
[    0.604968] pci 0000:00:1f.3: reg 0x10: [mem 0xe1320000-0xe1323fff 64bit]
[    0.605005] pci 0000:00:1f.3: reg 0x20: [mem 0xe1310000-0xe131ffff 64bit]
[    0.605063] pci 0000:00:1f.3: PME# supported from D3hot D3cold
[    0.605953] pci 0000:00:1f.3: System wakeup disabled by ACPI
[    0.605999] pci 0000:00:1f.4: [8086:9d23] type 00 class 0x0c0500
[    0.606046] pci 0000:00:1f.4: reg 0x10: [mem 0xe1330000-0xe13300ff 64bit]
[    0.606116] pci 0000:00:1f.4: reg 0x20: [io  0xefa0-0xefbf]
[    0.607115] pci 0000:00:1c.0: PCI bridge to [bus 01]
[    0.607189] pci 0000:02:00.0: [10ec:8168] type 00 class 0x020000
[    0.607210] pci 0000:02:00.0: reg 0x10: [io  0xe000-0xe0ff]
[    0.607240] pci 0000:02:00.0: reg 0x18: [mem 0xe1204000-0xe1204fff 64bit]
[    0.607258] pci 0000:02:00.0: reg 0x20: [mem 0xe1200000-0xe1203fff 64bit]
[    0.607360] pci 0000:02:00.0: supports D1 D2
[    0.607362] pci 0000:02:00.0: PME# supported from D0 D1 D2 D3hot D3cold
[    0.607473] pci 0000:02:00.0: System wakeup disabled by ACPI
[    0.616017] pci 0000:00:1c.4: PCI bridge to [bus 02]
[    0.616020] pci 0000:00:1c.4:   bridge window [io  0xe000-0xefff]
[    0.616024] pci 0000:00:1c.4:   bridge window [mem 0xe1200000-0xe12fffff]
[    0.616097] pci 0000:03:00.0: [168c:0042] type 00 class 0x028000
[    0.616124] pci 0000:03:00.0: reg 0x10: [mem 0xe1000000-0xe11fffff 64bit]
[    0.616263] pci 0000:03:00.0: PME# supported from D0 D3hot D3cold
[    0.616372] pci 0000:03:00.0: System wakeup disabled by ACPI
[    0.628016] pci 0000:00:1c.5: PCI bridge to [bus 03]
[    0.628021] pci 0000:00:1c.5:   bridge window [mem 0xe1000000-0xe11fffff]
[    0.630261] ACPI: PCI Interrupt Link [LNKA] (IRQs 3 4 5 6 10 *11 12 14 15)
[    0.630322] ACPI: PCI Interrupt Link [LNKB] (IRQs 3 4 5 6 *10 11 12 14 15)
[    0.630381] ACPI: PCI Interrupt Link [LNKC] (IRQs 3 4 5 6 10 *11 12 14 15)
[    0.630439] ACPI: PCI Interrupt Link [LNKD] (IRQs 3 4 5 6 10 *11 12 14 15)
[    0.630497] ACPI: PCI Interrupt Link [LNKE] (IRQs 3 4 5 6 10 *11 12 14 15)
[    0.630555] ACPI: PCI Interrupt Link [LNKF] (IRQs 3 4 5 6 10 *11 12 14 15)
[    0.630613] ACPI: PCI Interrupt Link [LNKG] (IRQs 3 4 5 6 10 *11 12 14 15)
[    0.630672] ACPI: PCI Interrupt Link [LNKH] (IRQs 3 4 5 6 10 *11 12 14 15)
[    0.631993] ACPI: Enabled 5 GPEs in block 00 to 7F
[    0.632131] ACPI : EC: interrupt unblocked
[    0.632145] ACPI : EC: event unblocked
[    0.632158] ACPI: \_SB_.PCI0.LPCB.EC0_: GPE=0x17, EC_CMD/EC_SC=0x66, EC_DATA=0x62
[    0.632159] ACPI: \_SB_.PCI0.LPCB.EC0_: Used as boot DSDT EC to handle transactions and events
[    0.632251] vgaarb: setting as boot device: PCI:0000:00:02.0
[    0.632251] vgaarb: device added: PCI:0000:00:02.0,decodes=io+mem,owns=io+mem,locks=none
[    0.632251] vgaarb: loaded
[    0.632251] vgaarb: bridge control possible 0000:00:02.0
[    0.632251] PCI: Using ACPI for IRQ routing
[    0.646190] PCI: pci_cache_line_size set to 64 bytes
[    0.646220] pci 0000:00:1f.4: can't claim BAR 4 [io  0xefa0-0xefbf]: address conflict with PCI Bus 0000:02 [io  0xe000-0xefff]
[    0.646246] e820: reserve RAM buffer [mem 0x0009d000-0x0009ffff]
[    0.646248] e820: reserve RAM buffer [mem 0xa4423000-0xa7ffffff]
[    0.646249] e820: reserve RAM buffer [mem 0xb5f0c000-0xb7ffffff]
[    0.646250] e820: reserve RAM buffer [mem 0x12f000000-0x12fffffff]
[    0.646360] hpet0: at MMIO 0xfed00000, IRQs 2, 8, 0, 0, 0, 0, 0, 0
[    0.646360] hpet0: 8 comparators, 64-bit 24.000000 MHz counter
[    0.648020] clocksource: Switched to clocksource hpet
[    0.654273] VFS: Disk quotas dquot_6.6.0
[    0.654301] VFS: Dquot-cache hash table entries: 512 (order 0, 4096 bytes)
[    0.654385] pnp: PnP ACPI init
[    0.654511] system 00:00: [mem 0xfd000000-0xfdabffff] has been reserved
[    0.654513] system 00:00: [mem 0xfdad0000-0xfdadffff] has been reserved
[    0.654515] system 00:00: [mem 0xfdb00000-0xfdffffff] has been reserved
[    0.654516] system 00:00: [mem 0xfe000000-0xfe01ffff] has been reserved
[    0.654518] system 00:00: [mem 0xfe036000-0xfe03bfff] has been reserved
[    0.654520] system 00:00: [mem 0xfe03d000-0xfe3fffff] has been reserved
[    0.654522] system 00:00: [mem 0xfe410000-0xfe7fffff] has been reserved
[    0.654525] system 00:00: Plug and Play ACPI device, IDs PNP0c02 (active)
[    0.654887] system 00:01: Plug and Play ACPI device, IDs PNP0c02 (active)
[    0.655055] system 00:02: [io  0x0680-0x069f] has been reserved
[    0.655057] system 00:02: [io  0xffff] has been reserved
[    0.655059] system 00:02: [io  0xffff] has been reserved
[    0.655060] system 00:02: [io  0xffff] has been reserved
[    0.655062] system 00:02: [io  0x1800-0x18fe] has been reserved
[    0.655064] system 00:02: [io  0x164e-0x164f] has been reserved
[    0.655066] system 00:02: Plug and Play ACPI device, IDs PNP0c02 (active)
[    0.655180] pnp 00:03: Plug and Play ACPI device, IDs PNP0b00 (active)
[    0.655226] system 00:04: [io  0x1854-0x1857] has been reserved
[    0.655228] system 00:04: Plug and Play ACPI device, IDs INT3f0d PNP0c02 (active)
[    0.655260] pnp 00:05: Plug and Play ACPI device, IDs PNP0303 (active)
[    0.655546] pnp 00:06: Plug and Play ACPI device, IDs ETD0656 ETD0000 PNP0f13 (active)
[    0.657215] system 00:07: [mem 0xfe029000-0xfe029fff] has been reserved
[    0.657217] system 00:07: [mem 0xfe028000-0xfe028fff] has been reserved
[    0.657218] system 00:07: [mem 0xfdaf0000-0xfdafffff] has been reserved
[    0.657221] system 00:07: [mem 0xfdae0000-0xfdaeffff] has been reserved
[    0.657223] system 00:07: [mem 0xfdac0000-0xfdacffff] has been reserved
[    0.657226] system 00:07: Plug and Play ACPI device, IDs PNP0c02 (active)
[    0.657884] system 00:08: [mem 0xfed10000-0xfed17fff] has been reserved
[    0.657886] system 00:08: [mem 0xfed18000-0xfed18fff] has been reserved
[    0.657888] system 00:08: [mem 0xfed19000-0xfed19fff] has been reserved
[    0.657889] system 00:08: [mem 0xe8000000-0xefffffff] has been reserved
[    0.657891] system 00:08: [mem 0xfed20000-0xfed3ffff] has been reserved
[    0.657893] system 00:08: [mem 0xfed90000-0xfed93fff] has been reserved
[    0.657895] system 00:08: [mem 0xfed45000-0xfed8ffff] could not be reserved
[    0.657897] system 00:08: [mem 0xff000000-0xffffffff] could not be reserved
[    0.657899] system 00:08: [mem 0xfee00000-0xfeefffff] could not be reserved
[    0.657901] system 00:08: [mem 0xe7fe0000-0xe7ffffff] has been reserved
[    0.657903] system 00:08: Plug and Play ACPI device, IDs PNP0c02 (active)
[    0.659276] pnp: PnP ACPI: found 9 devices
[    0.667282] clocksource: acpi_pm: mask: 0xffffff max_cycles: 0xffffff, max_idle_ns: 2085701024 ns
[    0.667309] pci 0000:00:1f.4: BAR 4: assigned [io  0x1000-0x101f]
[    0.667318] pci 0000:00:1c.0: PCI bridge to [bus 01]
[    0.667328] pci 0000:00:1c.4: PCI bridge to [bus 02]
[    0.667331] pci 0000:00:1c.4:   bridge window [io  0xe000-0xefff]
[    0.667335] pci 0000:00:1c.4:   bridge window [mem 0xe1200000-0xe12fffff]
[    0.667342] pci 0000:00:1c.5: PCI bridge to [bus 03]
[    0.667346] pci 0000:00:1c.5:   bridge window [mem 0xe1000000-0xe11fffff]
[    0.667353] pci_bus 0000:00: resource 4 [io  0x0000-0x0cf7 window]
[    0.667355] pci_bus 0000:00: resource 5 [io  0x0d00-0xffff window]
[    0.667357] pci_bus 0000:00: resource 6 [mem 0x000a0000-0x000bffff window]
[    0.667358] pci_bus 0000:00: resource 7 [mem 0xd0000000-0xe7ffffff window]
[    0.667360] pci_bus 0000:00: resource 8 [mem 0xfd000000-0xfe7fffff window]
[    0.667362] pci_bus 0000:02: resource 0 [io  0xe000-0xefff]
[    0.667363] pci_bus 0000:02: resource 1 [mem 0xe1200000-0xe12fffff]
[    0.667365] pci_bus 0000:03: resource 1 [mem 0xe1000000-0xe11fffff]
[    0.667583] NET: Registered protocol family 2
[    0.667759] TCP established hash table entries: 32768 (order: 6, 262144 bytes)
[    0.667821] TCP bind hash table entries: 32768 (order: 7, 524288 bytes)
[    0.667892] TCP: Hash tables configured (established 32768 bind 32768)
[    0.667909] UDP hash table entries: 2048 (order: 4, 65536 bytes)
[    0.667922] UDP-Lite hash table entries: 2048 (order: 4, 65536 bytes)
[    0.667977] NET: Registered protocol family 1
[    0.667990] pci 0000:00:02.0: Video device with shadowed ROM at [mem 0x000c0000-0x000dffff]
[    0.668325] PCI: CLS 0 bytes, default 64
[    0.668366] Unpacking initramfs...
[    1.034199] Freeing initrd memory: 18036K
[    1.034202] PCI-DMA: Using software bounce buffering for IO (SWIOTLB)
[    1.034205] software IO TLB: mapped [mem 0xb1f0c000-0xb5f0c000] (64MB)
[    1.034242] clocksource: tsc: mask: 0xffffffffffffffff max_cycles: 0x396d519840e, max_idle_ns: 881590569543 ns
[    1.034616] audit: initializing netlink subsys (disabled)
[    1.034635] audit: type=2000 audit(1582610298.032:1): initialized
[    1.035169] workingset: timestamp_bits=40 max_order=20 bucket_order=0
[    1.035266] zbud: loaded
[    1.036778] Block layer SCSI generic (bsg) driver version 0.4 loaded (major 250)
[    1.036839] io scheduler noop registered
[    1.036840] io scheduler deadline registered
[    1.036861] io scheduler cfq registered (default)
[    1.037649] aer 0000:00:1c.0:pcie002: service driver aer loaded
[    1.037673] aer 0000:00:1c.4:pcie002: service driver aer loaded
[    1.037687] pcieport 0000:00:1c.0: Signaling PME through PCIe PME interrupt
[    1.037690] pcie_pme 0000:00:1c.0:pcie001: service driver pcie_pme loaded
[    1.037699] pcieport 0000:00:1c.4: Signaling PME through PCIe PME interrupt
[    1.037701] pci 0000:02:00.0: Signaling PME through PCIe PME interrupt
[    1.037704] pcie_pme 0000:00:1c.4:pcie001: service driver pcie_pme loaded
[    1.037720] pcieport 0000:00:1c.5: Signaling PME through PCIe PME interrupt
[    1.037721] pci 0000:03:00.0: Signaling PME through PCIe PME interrupt
[    1.037724] pcie_pme 0000:00:1c.5:pcie001: service driver pcie_pme loaded
[    1.037733] pci_hotplug: PCI Hot Plug PCI Core version: 0.5
[    1.037738] pciehp: PCI Express Hot Plug Controller Driver version: 0.4
[    1.037755] intel_idle: MWAIT substates: 0x11142120
[    1.037756] intel_idle: v0.4.1 model 0x4E
[    1.038003] intel_idle: lapic_timer_reliable_states 0xffffffff
[    1.038262] GHES: HEST is not enabled!
[    1.038341] Serial: 8250/16550 driver, 4 ports, IRQ sharing enabled
[    1.038950] Linux agpgart interface v0.103
[    1.039049] AMD IOMMUv2 driver by Joerg Roedel <jroedel@suse.de>
[    1.039050] AMD IOMMUv2 functionality not available on this system
[    1.039442] i8042: PNP: PS/2 Controller [PNP0303:PS2K,PNP0f13:PSE2] at 0x60,0x64 irq 1,12
[    1.045412] serio: i8042 KBD port at 0x60,0x64 irq 1
[    1.045418] serio: i8042 AUX port at 0x60,0x64 irq 12
[    1.045646] mousedev: PS/2 mouse device common for all mice
[    1.045691] rtc_cmos 00:03: RTC can wake from S4
[    1.046147] rtc_cmos 00:03: rtc core: registered rtc_cmos as rtc0
[    1.046228] rtc_cmos 00:03: alarms up to one month, y3k, 242 bytes nvram, hpet irqs
[    1.046235] intel_pstate: Intel P-state driver initializing
[    1.046593] intel_pstate: HWP enabled
[    1.046744] ledtrig-cpu: registered to indicate activity on CPUs
[    1.047326] NET: Registered protocol family 10
[    1.047579] mip6: Mobile IPv6
[    1.047580] NET: Registered protocol family 17
[    1.047582] mpls_gso: MPLS GSO support
[    1.047806] microcode: sig=0x406e3, pf=0x40, revision=0xba
[    1.047897] microcode: Microcode Update Driver: v2.01 <tigran@aivazian.fsnet.co.uk>, Peter Oruba
[    1.048144] registered taskstats version 1
[    1.048157] zswap: loaded using pool lzo/zbud
[    1.048355] ima: No TPM chip found, activating TPM-bypass!
[    1.048357] ima: Allocated hash algorithm: sha256
[    1.050512] input: AT Translated Set 2 keyboard as /devices/platform/i8042/serio0/input/input0
[    1.050502] rtc_cmos 00:03: setting system clock to 2020-02-25 05:58:18 UTC (1582610298)
[    1.050600] PM: Hibernation image not present or could not be loaded.
[    1.051727] Freeing unused kernel memory: 1424K
[    1.051728] Write protecting the kernel read-only data: 12288k
[    1.052191] Freeing unused kernel memory: 1888K
[    1.054564] Freeing unused kernel memory: 1220K
[    1.059544] x86/mm: Checked W+X mappings: passed, no W+X pages found.
[    1.076309] random: systemd-udevd: uninitialized urandom read (16 bytes read)
[    1.076390] random: systemd-udevd: uninitialized urandom read (16 bytes read)
[    1.076400] random: systemd-udevd: uninitialized urandom read (16 bytes read)
[    1.125433] ACPI: bus type USB registered
[    1.125464] usbcore: registered new interface driver usbfs
[    1.125477] usbcore: registered new interface driver hub
[    1.125512] usbcore: registered new device driver usb
[    1.125640] SCSI subsystem initialized
[    1.125843] r8169 Gigabit Ethernet driver 2.3LK-NAPI loaded
[    1.127409] xhci_hcd 0000:00:14.0: xHCI Host Controller
[    1.127418] xhci_hcd 0000:00:14.0: new USB bus registered, assigned bus number 1
[    1.128560] xhci_hcd 0000:00:14.0: hcc params 0x200077c1 hci version 0x100 quirks 0x01109810
[    1.128567] xhci_hcd 0000:00:14.0: cache line size of 64 is not supported
[    1.128687] usb usb1: New USB device found, idVendor=1d6b, idProduct=0002
[    1.128690] usb usb1: New USB device strings: Mfr=3, Product=2, SerialNumber=1
[    1.128692] usb usb1: Product: xHCI Host Controller
[    1.128694] usb usb1: Manufacturer: Linux 4.9.0-12-amd64 xhci-hcd
[    1.128696] usb usb1: SerialNumber: 0000:00:14.0
[    1.129229] hub 1-0:1.0: USB hub found
[    1.129256] hub 1-0:1.0: 12 ports detected
[    1.131745] xhci_hcd 0000:00:14.0: xHCI Host Controller
[    1.131752] xhci_hcd 0000:00:14.0: new USB bus registered, assigned bus number 2
[    1.131809] usb usb2: New USB device found, idVendor=1d6b, idProduct=0003
[    1.131812] usb usb2: New USB device strings: Mfr=3, Product=2, SerialNumber=1
[    1.131814] usb usb2: Product: xHCI Host Controller
[    1.131815] usb usb2: Manufacturer: Linux 4.9.0-12-amd64 xhci-hcd
[    1.131817] usb usb2: SerialNumber: 0000:00:14.0
[    1.131986] hub 2-0:1.0: USB hub found
[    1.132000] hub 2-0:1.0: 6 ports detected
[    1.133515] i801_smbus 0000:00:1f.4: SPD Write Disable is set
[    1.133570] i801_smbus 0000:00:1f.4: SMBus using PCI interrupt
[    1.135330] libata version 3.00 loaded.
[    1.136494] AVX2 version of gcm_enc/dec engaged.
[    1.136494] AES CTR mode by8 optimization enabled
[    1.137253] r8169 0000:02:00.0 eth0: RTL8168h/8111h at 0xffffbca8c0679000, d8:c4:97:2b:74:28, XID 14100800 IRQ 124
[    1.137255] r8169 0000:02:00.0 eth0: jumbo features [frames: 9200 bytes, tx checksumming: ko]
[    1.154892] r8169 0000:02:00.0 enp2s0: renamed from eth0
[    1.213533] ahci 0000:00:17.0: version 3.0
[    1.214160] ahci 0000:00:17.0: AHCI 0001.0301 32 slots 2 ports 6 Gbps 0x3 impl SATA mode
[    1.214171] ahci 0000:00:17.0: flags: 64bit ncq pm led clo only pio slum part deso sadm sds apst 
[    1.215476] scsi host0: ahci
[    1.215901] scsi host1: ahci
[    1.216108] ata1: SATA max UDMA/133 abar m2048@0xe132f000 port 0xe132f100 irq 125
[    1.216114] ata2: SATA max UDMA/133 abar m2048@0xe132f000 port 0xe132f180 irq 125
[    1.456075] usb 1-6: new full-speed USB device number 2 using xhci_hcd
[    1.529247] ata2: SATA link up 6.0 Gbps (SStatus 133 SControl 300)
[    1.529289] ata1: SATA link up 1.5 Gbps (SStatus 113 SControl 300)
[    1.530369] ata2.00: ATA-10: WDC WD5000LPCX-24VHAT0, 02.01A02, max UDMA/133
[    1.530375] ata2.00: 976773168 sectors, multi 16: LBA48 NCQ (depth 31/32), AA
[    1.531707] ata2.00: configured for UDMA/133
[    1.532990] ata1.00: ATAPI: PLDS    DVD-RW DA8AESH, XL6M, max UDMA/133
[    1.539270] ata1.00: configured for UDMA/133
[    1.551192] scsi 0:0:0:0: CD-ROM            PLDS     DVD-RW DA8AESH   XL6M PQ: 0 ANSI: 5
[    1.576902] scsi 1:0:0:0: Direct-Access     ATA      WDC WD5000LPCX-2 1A02 PQ: 0 ANSI: 5
[    1.600072] usb 1-6: New USB device found, idVendor=138a, idProduct=0011
[    1.600077] usb 1-6: New USB device strings: Mfr=0, Product=0, SerialNumber=1
[    1.600082] usb 1-6: SerialNumber: 3dfbbc9edafd
[    1.620760] sd 1:0:0:0: [sda] 976773168 512-byte logical blocks: (500 GB/466 GiB)
[    1.620768] sd 1:0:0:0: [sda] 4096-byte physical blocks
[    1.620952] sd 1:0:0:0: [sda] Write Protect is off
[    1.620961] sd 1:0:0:0: [sda] Mode Sense: 00 3a 00 00
[    1.621049] sd 1:0:0:0: [sda] Write cache: enabled, read cache: enabled, doesn't support DPO or FUA
[    1.650283] sr 0:0:0:0: [sr0] scsi3-mmc drive: 24x/24x writer cd/rw xa/form2 cdda tray
[    1.650287] cdrom: Uniform CD-ROM driver Revision: 3.20
[    1.650860] sr 0:0:0:0: Attached scsi CD-ROM sr0
[    1.692534] psmouse serio1: elantech: assuming hardware version 4 (with firmware version 0x594f03)
[    1.705083] psmouse serio1: elantech: Synaptics capabilities query result 0x70, 0x15, 0x0a.
[    1.717816] psmouse serio1: elantech: Elan sample query result 05, 20, 97
[    1.724099] usb 1-7: new high-speed USB device number 3 using xhci_hcd
[    1.730540]  sda: sda1 sda2 < sda5 sda6 sda7 sda8 >
[    1.732265] sd 1:0:0:0: [sda] Attached SCSI disk
[    1.782626] random: fast init done
[    1.789491] input: ETPS/2 Elantech Touchpad as /devices/platform/i8042/serio1/input/input2
[    1.864500] usb 1-7: New USB device found, idVendor=0bda, idProduct=0129
[    1.864505] usb 1-7: New USB device strings: Mfr=1, Product=2, SerialNumber=3
[    1.864509] usb 1-7: Product: USB2.0-CRW
[    1.864513] usb 1-7: Manufacturer: Generic
[    1.864516] usb 1-7: SerialNumber: 20100201396000000
[    1.869711] usbcore: registered new interface driver rtsx_usb
[    1.984160] usb 1-8: new full-speed USB device number 4 using xhci_hcd
[    2.129945] usb 1-8: New USB device found, idVendor=0cf3, idProduct=e360
[    2.129951] usb 1-8: New USB device strings: Mfr=0, Product=0, SerialNumber=0
[    2.297708] PM: Starting manual resume from disk
[    2.297715] PM: Hibernation image partition 8:6 present
[    2.297717] PM: Looking for hibernation image.
[    2.298119] PM: Image not found (code -22)
[    2.298122] PM: Hibernation image not present or could not be loaded.
[    2.308140] usb 1-9: new high-speed USB device number 5 using xhci_hcd
[    2.514355] usb 1-9: New USB device found, idVendor=04f2, idProduct=b57d
[    2.514361] usb 1-9: New USB device strings: Mfr=3, Product=1, SerialNumber=2
[    2.514366] usb 1-9: Product: EasyCamera
[    2.514370] usb 1-9: Manufacturer: Chicony Electronics Co.,Ltd.
[    2.514374] usb 1-9: SerialNumber: 0001
[    2.590978] EXT4-fs (sda1): mounted filesystem with ordered data mode. Opts: (null)
[    3.706574] ip_tables: (C) 2000-2006 Netfilter Core Team
[    3.833129] systemd[1]: systemd 232 running in system mode. (+PAM +AUDIT +SELINUX +IMA +APPARMOR +SMACK +SYSVINIT +UTMP +LIBCRYPTSETUP +GCRYPT +GNUTLS +ACL +XZ +LZ4 +SECCOMP +BLKID +ELFUTILS +KMOD +IDN)
[    3.833764] systemd[1]: Detected architecture x86-64.
[    3.856726] systemd[1]: Set hostname to <debian>.
[    4.014432] random: crng init done
[    4.014438] random: 7 urandom warning(s) missed due to ratelimiting
[    5.035744] systemd[1]: Listening on udev Control Socket.
[    5.036203] systemd[1]: Listening on Journal Socket (/dev/log).
[    5.036394] systemd[1]: Listening on Journal Socket.
[    5.036955] systemd[1]: Created slice User and Session Slice.
[    5.037141] systemd[1]: Listening on udev Kernel Socket.
[    5.037474] systemd[1]: Listening on Journal Audit Socket.
[    5.037705] systemd[1]: Started Forward Password Requests to Wall Directory Watch.
[    5.362715] lp: driver loaded but no devices found
[    5.457450] ppdev: user-space parallel port driver
[    5.575373] EXT4-fs (sda1): re-mounted. Opts: errors=remount-ro
[    6.745607] input: Sleep Button as /devices/LNXSYSTM:00/LNXSYBUS:00/PNP0C0E:00/input/input3
[    6.745612] ACPI: Sleep Button [SLPB]
[    6.746857] input: Lid Switch as /devices/LNXSYSTM:00/LNXSYBUS:00/PNP0C0D:00/input/input4
[    6.747864] ACPI: Lid Switch [LID0]
[    6.747944] input: Power Button as /devices/LNXSYSTM:00/LNXSYBUS:00/PNP0C0C:00/input/input5
[    6.747948] ACPI: Power Button [PWRB]
[    6.748047] input: Power Button as /devices/LNXSYSTM:00/LNXPWRBN:00/input/input6
[    6.748050] ACPI: Power Button [PWRF]
[    6.813110] ACPI: AC Adapter [ACAD] (off-line)
[    6.844327] ACPI: Battery Slot [BAT1] (battery present)
[    6.844522] wmi: Mapper loaded
[    6.887508] input: Ideapad extra buttons as /devices/pci0000:00/0000:00:1f.0/PNP0C09:00/VPC2004:00/input/input7
[    7.037801] sr 0:0:0:0: Attached scsi generic sg0 type 5
[    7.037829] shpchp: Standard Hot Plug PCI Controller Driver version: 0.4
[    7.040312] sd 1:0:0:0: Attached scsi generic sg1 type 0
[    7.106196] mei_me 0000:00:16.0: enabling device (0000 -> 0002)
[    7.272866] iTCO_vendor_support: vendor-support=0
[    7.325179] input: PC Speaker as /devices/platform/pcspkr/input/input8
[    7.328482] iTCO_wdt: Intel TCO WatchDog Timer Driver v1.11
[    7.328727] iTCO_wdt: Found a Intel PCH TCO device (Version=4, TCOBASE=0x0400)
[    7.329167] iTCO_wdt: initialized. heartbeat=30 sec (nowayout=0)
[    7.615882] [drm] Initialized
[    7.723119] RAPL PMU: API unit is 2^-32 Joules, 5 fixed counters, 655360 ms ovfl timer
[    7.723123] RAPL PMU: hw unit of domain pp0-core 2^-14 Joules
[    7.723127] RAPL PMU: hw unit of domain package 2^-14 Joules
[    7.723129] RAPL PMU: hw unit of domain dram 2^-14 Joules
[    7.723132] RAPL PMU: hw unit of domain pp1-gpu 2^-14 Joules
[    7.723135] RAPL PMU: hw unit of domain psys 2^-14 Joules
[    7.814144] Bluetooth: Core ver 2.22
[    7.814185] NET: Registered protocol family 31
[    7.814189] Bluetooth: HCI device and connection manager initialized
[    7.814198] Bluetooth: HCI socket layer initialized
[    7.814205] Bluetooth: L2CAP socket layer initialized
[    7.814220] Bluetooth: SCO socket layer initialized
[    8.132093] media: Linux media interface: v0.10
[    8.146503] [drm] Memory usable by graphics device = 4096M
[    8.146506] [drm] Replacing VGA console driver
[    8.147589] Console: switching to colour dummy device 80x25
[    8.153778] [drm] Supports vblank timestamp caching Rev 2 (21.10.2013).
[    8.153779] [drm] Driver supports precise vblank timestamp query.
[    8.160085] Linux video capture interface: v2.00
[    8.165514] vgaarb: device changed decodes: PCI:0000:00:02.0,olddecodes=io+mem,decodes=io+mem:owns=io+mem
[    8.170979] usbcore: registered new interface driver btusb
[    8.187795] i915 0000:00:02.0: firmware: failed to load i915/skl_dmc_ver1_26.bin (-2)
[    8.187804] i915 0000:00:02.0: Direct firmware load for i915/skl_dmc_ver1_26.bin failed with error -2
[    8.187808] i915 0000:00:02.0: Failed to load DMC firmware [https://01.org/linuxgraphics/intel-linux-graphics-firmwares], disabling runtime power management.
[    8.187982] [drm] GuC firmware load skipped
[    8.195339] ACPI: Video Device [GFX0] (multi-head: yes  rom: no  post: no)
[    8.195532] input: Video Bus as /devices/LNXSYSTM:00/LNXSYBUS:00/PNP0A08:00/LNXVIDEO:00/input/input9
[    8.204760] bluetooth hci0: firmware: direct-loading firmware qca/rampatch_usb_00000300.bin
[    8.204764] Bluetooth: hci0: using rampatch file: qca/rampatch_usb_00000300.bin
[    8.204767] Bluetooth: hci0: QCA: patch rome 0x300 build 0x3e8, firmware rome 0x300 build 0x111
[    8.292853] bluetooth hci0: firmware: direct-loading firmware qca/nvm_usb_00000300.bin
[    8.292868] Bluetooth: hci0: using NVM file: qca/nvm_usb_00000300.bin
[    8.416412] snd_hda_intel 0000:00:1f.3: bound 0000:00:02.0 (ops i915_audio_component_bind_ops [i915])
[    8.416447] [drm] Initialized i915 1.6.0 20160919 for 0000:00:02.0 on minor 0
[    8.636622] fbcon: inteldrmfb (fb0) is primary device
[    8.774458] uvcvideo: Found UVC 1.00 device EasyCamera (04f2:b57d)
[    8.779290] uvcvideo 1-9:1.0: Entity type for entity Extension 4 was not initialized!
[    8.779306] uvcvideo 1-9:1.0: Entity type for entity Processing 2 was not initialized!
[    8.779315] uvcvideo 1-9:1.0: Entity type for entity Camera 1 was not initialized!
[    8.779709] input: EasyCamera as /devices/pci0000:00/0000:00:14.0/usb1/1-9/1-9:1.0/input/input10
[    8.779985] usbcore: registered new interface driver uvcvideo
[    8.779988] USB Video Class driver (1.1.1)
[    8.948539] kvm: disabled by bios
[    9.005285] ath10k_pci 0000:03:00.0: pci irq msi oper_irq_mode 2 irq_mode 0 reset_mode 0
[    9.007534] kvm: disabled by bios
[    9.047594] kvm: disabled by bios
[    9.111250] kvm: disabled by bios
[    9.122245] intel_rapl: Found RAPL domain package
[    9.122254] intel_rapl: Found RAPL domain core
[    9.122262] intel_rapl: Found RAPL domain uncore
[    9.122269] intel_rapl: Found RAPL domain dram
[    9.328119] ath10k_pci 0000:03:00.0: firmware: failed to load ath10k/pre-cal-pci-0000:03:00.0.bin (-2)
[    9.328128] ath10k_pci 0000:03:00.0: Direct firmware load for ath10k/pre-cal-pci-0000:03:00.0.bin failed with error -2
[    9.328186] ath10k_pci 0000:03:00.0: firmware: failed to load ath10k/cal-pci-0000:03:00.0.bin (-2)
[    9.328191] ath10k_pci 0000:03:00.0: Direct firmware load for ath10k/cal-pci-0000:03:00.0.bin failed with error -2
[    9.346778] ath10k_pci 0000:03:00.0: firmware: direct-loading firmware ath10k/QCA9377/hw1.0/firmware-5.bin
[    9.346799] ath10k_pci 0000:03:00.0: qca9377 hw1.0 target 0x05020000 chip_id 0x003820ff sub 17aa:4035
[    9.346807] ath10k_pci 0000:03:00.0: kconfig debug 0 debugfs 0 tracing 0 dfs 0 testmode 0
[    9.349025] ath10k_pci 0000:03:00.0: firmware ver WLAN.TF.1.0-00267-1 api 5 features ignore-otp crc32 79cea2c7
[    9.542509] ath10k_pci 0000:03:00.0: firmware: direct-loading firmware ath10k/QCA9377/hw1.0/board-2.bin
[    9.544108] ath10k_pci 0000:03:00.0: board_file api 2 bmi_id N/A crc32 93da0176
[    9.771681] Console: switching to colour frame buffer device 170x48
[    9.791399] i915 0000:00:02.0: fb0: inteldrmfb frame buffer device
[    9.820329] [drm] RC6 on
[    9.962717] Adding 3748860k swap on /dev/sda6.  Priority:-1 extents:1 across:3748860k FS
[   10.752116] EXT4-fs (sda5): mounted filesystem with ordered data mode. Opts: (null)
[   11.031103] systemd-journald[213]: Received request to flush runtime journal from PID 1
[   11.036535] snd_hda_codec_realtek hdaudioC0D0: autoconfig for ALC236: line_outs=1 (0x14/0x0/0x0/0x0/0x0) type:speaker
[   11.036537] snd_hda_codec_realtek hdaudioC0D0:    speaker_outs=0 (0x0/0x0/0x0/0x0/0x0)
[   11.036539] snd_hda_codec_realtek hdaudioC0D0:    hp_outs=1 (0x21/0x0/0x0/0x0/0x0)
[   11.036540] snd_hda_codec_realtek hdaudioC0D0:    mono: mono_out=0x0
[   11.036541] snd_hda_codec_realtek hdaudioC0D0:    inputs:
[   11.036543] snd_hda_codec_realtek hdaudioC0D0:      Mic=0x19
[   11.036545] snd_hda_codec_realtek hdaudioC0D0:      Internal Mic=0x12
[   11.347812] ath10k_pci 0000:03:00.0: htt-ver 3.1 wmi-op 4 htt-op 3 cal otp max-sta 32 raw 0 hwcrypto 1
[   11.350205] ath: EEPROM regdomain: 0x6c
[   11.350207] ath: EEPROM indicates we should expect a direct regpair map
[   11.350209] ath: Country alpha2 being used: 00
[   11.350210] ath: Regpair used: 0x6c
[   11.372460] EXT4-fs (sda7): mounted filesystem with ordered data mode. Opts: (null)
[   11.575548] ath10k_pci 0000:03:00.0 wlp3s0: renamed from wlan0
[   11.624469] EXT4-fs (sda8): mounted filesystem with ordered data mode. Opts: (null)
[   12.076290] input: HDA Digital PCBeep as /devices/pci0000:00/0000:00:1f.3/sound/card0/input11
[   12.077849] input: HDA Intel PCH Mic as /devices/pci0000:00/0000:00:1f.3/sound/card0/input12
[   12.078216] input: HDA Intel PCH Headphone as /devices/pci0000:00/0000:00:1f.3/sound/card0/input13
[   12.078571] input: HDA Intel PCH HDMI/DP,pcm=3 as /devices/pci0000:00/0000:00:1f.3/sound/card0/input14
[   12.078907] input: HDA Intel PCH HDMI/DP,pcm=7 as /devices/pci0000:00/0000:00:1f.3/sound/card0/input15
[   14.790108] Bluetooth: BNEP (Ethernet Emulation) ver 1.3
[   14.790114] Bluetooth: BNEP filters: protocol multicast
[   14.790125] Bluetooth: BNEP socket layer initialized
[   19.280341] IPv6: ADDRCONF(NETDEV_UP): enp2s0: link is not ready
[   19.399937] r8169 0000:02:00.0: firmware: direct-loading firmware rtl_nic/rtl8168h-2.fw
[   19.458735] r8169 0000:02:00.0 enp2s0: link down
[   19.458857] IPv6: ADDRCONF(NETDEV_UP): enp2s0: link is not ready
[   19.485248] IPv6: ADDRCONF(NETDEV_UP): wlp3s0: link is not ready
[   21.482442] IPv6: ADDRCONF(NETDEV_UP): wlp3s0: link is not ready
[   23.476972] IPv6: ADDRCONF(NETDEV_UP): wlp3s0: link is not ready
[   23.859846] IPv6: ADDRCONF(NETDEV_UP): wlp3s0: link is not ready
[   28.565491] IPv6: ADDRCONF(NETDEV_UP): wlp3s0: link is not ready
[   28.636216] wlp3s0: authenticate with f4:79:60:35:00:b1
[   28.677719] wlp3s0: send auth to f4:79:60:35:00:b1 (try 1/3)
[   28.678893] wlp3s0: authenticated
[   28.680107] wlp3s0: associate with f4:79:60:35:00:b1 (try 1/3)
[   28.683512] wlp3s0: RX AssocResp from f4:79:60:35:00:b1 (capab=0x1501 status=0 aid=1)
[   28.686574] wlp3s0: associated
[   28.687449] IPv6: ADDRCONF(NETDEV_CHANGE): wlp3s0: link becomes ready
[   28.707235] ath: EEPROM regdomain: 0x8283
[   28.707238] ath: EEPROM indicates we should expect a country code
[   28.707241] ath: doing EEPROM country->regdmn map search
[   28.707245] ath: country maps to regdmn code: 0x3
[   28.707248] ath: Country alpha2 being used: RU
[   28.707250] ath: Regpair used: 0x3
[   28.707254] ath: regdomain 0x8283 dynamically updated by country IE
[   28.736007] wlp3s0: Limiting TX power to 23 (23 - 0) dBm as advertised by f4:79:60:35:00:b1
[   30.520619] Bluetooth: RFCOMM TTY layer initialized
[   30.520632] Bluetooth: RFCOMM socket layer initialized
[   30.520649] Bluetooth: RFCOMM ver 1.11
[   46.474162] fuse init (API version 7.26)
[   69.112302] usb 1-2: new low-speed USB device number 6 using xhci_hcd
[   69.256082] usb 1-2: New USB device found, idVendor=275d, idProduct=0ba6
[   69.256091] usb 1-2: New USB device strings: Mfr=0, Product=1, SerialNumber=0
[   69.256097] usb 1-2: Product: USB OPTICAL MOUSE 
[   69.336789] hidraw: raw HID events driver (C) Jiri Kosina
[   69.358384] usbcore: registered new interface driver usbhid
[   69.358385] usbhid: USB HID core driver
[   69.374498] input: USB OPTICAL MOUSE  as /devices/pci0000:00/0000:00:14.0/usb1/1-2/1-2:1.0/0003:275D:0BA6.0001/input/input16
[   69.374789] hid-generic 0003:275D:0BA6.0001: input,hidraw0: USB HID v1.11 Mouse [USB OPTICAL MOUSE ] on usb-0000:00:14.0-2/input0
[  852.134698] device-mapper: uevent: version 1.0.3
[  852.135275] device-mapper: ioctl: 4.35.0-ioctl (2016-06-23) initialised: dm-devel@redhat.com
[  866.259613] SGI XFS with ACLs, security attributes, realtime, no debug enabled
[  866.321903] JFS: nTxBlock = 8192, nTxLock = 65536
[  866.364474] ntfs: driver 2.1.32 [Flags: R/O MODULE].
[  866.389241] QNX4 filesystem 0.2.3 registered.
[  866.500054] raid6: sse2x1   gen()  4879 MB/s
[  866.568049] raid6: sse2x1   xor()  5322 MB/s
[  866.636052] raid6: sse2x2   gen()  8686 MB/s
[  866.704049] raid6: sse2x2   xor()  6050 MB/s
[  866.772048] raid6: sse2x4   gen()  9802 MB/s
[  866.840050] raid6: sse2x4   xor()  6890 MB/s
[  866.908049] raid6: avx2x1   gen() 13945 MB/s
[  866.976049] raid6: avx2x2   gen() 15876 MB/s
[  867.044052] raid6: avx2x4   gen() 17620 MB/s
[  867.044054] raid6: using algorithm avx2x4 gen() 17620 MB/s
[  867.044055] raid6: using avx2x2 recovery algorithm
[  867.057967] xor: automatically using best checksumming function   avx       
[  867.097100] Btrfs loaded, crc32c=crc32c-intel
[10179.914966] perf: interrupt took too long (2550 > 2500), lowering kernel.perf_event_max_sample_rate to 78250
[11039.069579] wlp3s0: disconnect from AP f4:79:60:35:00:b1 for new auth to f4:79:60:35:00:a1
[11039.076551] wlp3s0: authenticate with f4:79:60:35:00:a1
[11039.115614] wlp3s0: send auth to f4:79:60:35:00:a1 (try 1/3)
[11039.117564] wlp3s0: authenticated
[11039.120034] wlp3s0: associate with f4:79:60:35:00:a1 (try 1/3)
[11039.125429] wlp3s0: RX AssocResp from f4:79:60:35:00:a1 (capab=0x1421 status=0 aid=2)
[11039.128261] wlp3s0: associated
[11039.194655] wlp3s0: Limiting TX power to 20 (20 - 0) dBm as advertised by f4:79:60:35:00:a1
[11039.347467] ath: EEPROM regdomain: 0x8283
[11039.347469] ath: EEPROM indicates we should expect a country code
[11039.347471] ath: doing EEPROM country->regdmn map search
[11039.347473] ath: country maps to regdmn code: 0x3
[11039.347475] ath: Country alpha2 being used: RU
[11039.347476] ath: Regpair used: 0x3
[11039.347478] ath: regdomain 0x8283 dynamically updated by country IE
[12224.315472] input: 40:DF:8B:90:30:84 as /devices/virtual/input/input17
[12295.043726] input: 40:DF:8B:90:30:84 as /devices/virtual/input/input18
[13522.965939] perf: interrupt took too long (3214 > 3187), lowering kernel.perf_event_max_sample_rate to 62000
[17678.436402] perf: interrupt took too long (4048 > 4017), lowering kernel.perf_event_max_sample_rate to 49250
[19439.513459] wlp3s0: disconnect from AP f4:79:60:35:00:a1 for new auth to f4:79:60:35:00:b1
[19439.524139] wlp3s0: authenticate with f4:79:60:35:00:b1
[19439.564148] wlp3s0: send auth to f4:79:60:35:00:b1 (try 1/3)
[19440.796147] wlp3s0: send auth to f4:79:60:35:00:b1 (try 2/3)
[19441.820081] wlp3s0: send auth to f4:79:60:35:00:b1 (try 3/3)
[19442.553543] wlp3s0: authenticated
[19442.556087] wlp3s0: associate with f4:79:60:35:00:b1 (try 1/3)
[19442.559930] wlp3s0: RX AssocResp from f4:79:60:35:00:b1 (capab=0x1501 status=0 aid=1)
[19442.562655] wlp3s0: associated
[19442.581253] ath: EEPROM regdomain: 0x8283
[19442.581256] ath: EEPROM indicates we should expect a country code
[19442.581258] ath: doing EEPROM country->regdmn map search
[19442.581260] ath: country maps to regdmn code: 0x3
[19442.581261] ath: Country alpha2 being used: RU
[19442.581263] ath: Regpair used: 0x3
[19442.581265] ath: regdomain 0x8283 dynamically updated by country IE
[19442.629250] wlp3s0: Limiting TX power to 23 (23 - 0) dBm as advertised by f4:79:60:35:00:b1
[20389.088699] input: 40:DF:8B:90:30:84 as /devices/virtual/input/input19
